------------------------------------------------------------
Timing Analyzer Summary
------------------------------------------------------------

Type  : Slow 1200mV 85C Model Setup 'clk'
Slack : -11.170
TNS   : -18253.388

Type  : Slow 1200mV 85C Model Setup 'UART_Rx:comb_12|UART_clk'
Slack : -0.028
TNS   : -0.117

Type  : Slow 1200mV 85C Model Hold 'clk'
Slack : 0.451
TNS   : 0.000

Type  : Slow 1200mV 85C Model Hold 'UART_Rx:comb_12|UART_clk'
Slack : 0.551
TNS   : 0.000

Type  : Slow 1200mV 85C Model Minimum Pulse Width 'clk'
Slack : -3.000
TNS   : -4431.286

Type  : Slow 1200mV 85C Model Minimum Pulse Width 'UART_Rx:comb_12|UART_clk'
Slack : -1.487
TNS   : -11.896

Type  : Slow 1200mV 0C Model Setup 'clk'
Slack : -10.532
TNS   : -16999.361

Type  : Slow 1200mV 0C Model Setup 'UART_Rx:comb_12|UART_clk'
Slack : 0.075
TNS   : 0.000

Type  : Slow 1200mV 0C Model Hold 'clk'
Slack : 0.400
TNS   : 0.000

Type  : Slow 1200mV 0C Model Hold 'UART_Rx:comb_12|UART_clk'
Slack : 0.514
TNS   : 0.000

Type  : Slow 1200mV 0C Model Minimum Pulse Width 'clk'
Slack : -3.000
TNS   : -4431.286

Type  : Slow 1200mV 0C Model Minimum Pulse Width 'UART_Rx:comb_12|UART_clk'
Slack : -1.487
TNS   : -11.896

Type  : Fast 1200mV 0C Model Setup 'clk'
Slack : -4.064
TNS   : -6343.917

Type  : Fast 1200mV 0C Model Setup 'UART_Rx:comb_12|UART_clk'
Slack : 0.545
TNS   : 0.000

Type  : Fast 1200mV 0C Model Hold 'clk'
Slack : 0.186
TNS   : 0.000

Type  : Fast 1200mV 0C Model Hold 'UART_Rx:comb_12|UART_clk'
Slack : 0.217
TNS   : 0.000

Type  : Fast 1200mV 0C Model Minimum Pulse Width 'clk'
Slack : -3.000
TNS   : -3178.119

Type  : Fast 1200mV 0C Model Minimum Pulse Width 'UART_Rx:comb_12|UART_clk'
Slack : -1.000
TNS   : -8.000

------------------------------------------------------------
