------------------------------------------------------------
Timing Analyzer Summary
------------------------------------------------------------

Type  : Slow 1200mV 85C Model Setup 'Delay:DL10|div_clk'
Slack : -9.764
TNS   : -104.346

Type  : Slow 1200mV 85C Model Setup 'Delay:DL2|div_clk'
Slack : -8.481
TNS   : -90.032

Type  : Slow 1200mV 85C Model Setup 'Delay:DL3|div_clk'
Slack : -8.438
TNS   : -81.084

Type  : Slow 1200mV 85C Model Setup 'Delay:DL1|div_clk'
Slack : -8.132
TNS   : -129.532

Type  : Slow 1200mV 85C Model Setup 'Delay:DL15|div_clk'
Slack : -8.070
TNS   : -129.880

Type  : Slow 1200mV 85C Model Setup 'Delay:DL14|div_clk'
Slack : -8.015
TNS   : -106.777

Type  : Slow 1200mV 85C Model Setup 'Delay:DL9|div_clk'
Slack : -7.989
TNS   : -88.883

Type  : Slow 1200mV 85C Model Setup 'Delay:DL11|div_clk'
Slack : -7.981
TNS   : -117.725

Type  : Slow 1200mV 85C Model Setup 'Delay:DL4|div_clk'
Slack : -7.772
TNS   : -66.422

Type  : Slow 1200mV 85C Model Setup 'Delay:DL6|div_clk'
Slack : -7.678
TNS   : -83.895

Type  : Slow 1200mV 85C Model Setup 'Delay:DL13|div_clk'
Slack : -7.665
TNS   : -91.141

Type  : Slow 1200mV 85C Model Setup 'Delay:DL12|div_clk'
Slack : -7.632
TNS   : -104.139

Type  : Slow 1200mV 85C Model Setup 'Delay:DL5|div_clk'
Slack : -7.574
TNS   : -82.881

Type  : Slow 1200mV 85C Model Setup 'Delay:DL7|div_clk'
Slack : -7.440
TNS   : -73.133

Type  : Slow 1200mV 85C Model Setup 'Delay:DL16|div_clk'
Slack : -7.405
TNS   : -117.868

Type  : Slow 1200mV 85C Model Setup 'Delay:DL8|div_clk'
Slack : -7.336
TNS   : -73.659

Type  : Slow 1200mV 85C Model Setup 'Pulse:PL14|div_clk'
Slack : -6.798
TNS   : -159.353

Type  : Slow 1200mV 85C Model Setup 'Pulse:PL9|div_clk'
Slack : -6.760
TNS   : -171.309

Type  : Slow 1200mV 85C Model Setup 'Pulse:PL15|div_clk'
Slack : -6.440
TNS   : -169.632

Type  : Slow 1200mV 85C Model Setup 'Pulse:PL3|div_clk'
Slack : -6.329
TNS   : -220.002

Type  : Slow 1200mV 85C Model Setup 'Pulse:PL13|div_clk'
Slack : -6.210
TNS   : -186.837

Type  : Slow 1200mV 85C Model Setup 'Pulse:PL11|div_clk'
Slack : -6.204
TNS   : -179.873

Type  : Slow 1200mV 85C Model Setup 'Pulse:PL4|div_clk'
Slack : -6.175
TNS   : -177.626

Type  : Slow 1200mV 85C Model Setup 'Pulse:PL16|div_clk'
Slack : -6.172
TNS   : -180.183

Type  : Slow 1200mV 85C Model Setup 'Pulse:PL6|div_clk'
Slack : -6.124
TNS   : -182.926

Type  : Slow 1200mV 85C Model Setup 'Pulse:PL5|div_clk'
Slack : -6.122
TNS   : -202.330

Type  : Slow 1200mV 85C Model Setup 'clk'
Slack : -5.996
TNS   : -5539.124

Type  : Slow 1200mV 85C Model Setup 'Pulse:PL7|div_clk'
Slack : -5.986
TNS   : -199.154

Type  : Slow 1200mV 85C Model Setup 'Pulse:PL2|div_clk'
Slack : -5.761
TNS   : -182.958

Type  : Slow 1200mV 85C Model Setup 'Pulse:PL10|div_clk'
Slack : -5.652
TNS   : -163.942

Type  : Slow 1200mV 85C Model Setup 'Pulse:PL8|div_clk'
Slack : -5.604
TNS   : -198.342

Type  : Slow 1200mV 85C Model Setup 'Pulse:PL12|div_clk'
Slack : -5.399
TNS   : -148.194

Type  : Slow 1200mV 85C Model Setup 'Pulse:PL1|div_clk'
Slack : -5.067
TNS   : -155.429

Type  : Slow 1200mV 85C Model Setup 'UART_Rx:comb_12|UART_clk'
Slack : -2.996
TNS   : -38.919

Type  : Slow 1200mV 85C Model Setup 'pll_inst|altpll_component|auto_generated|pll1|clk[0]'
Slack : -2.027
TNS   : -657.027

Type  : Slow 1200mV 85C Model Hold 'pll_inst|altpll_component|auto_generated|pll1|clk[0]'
Slack : -0.718
TNS   : -7.310

Type  : Slow 1200mV 85C Model Hold 'Delay:DL13|div_clk'
Slack : 0.400
TNS   : 0.000

Type  : Slow 1200mV 85C Model Hold 'Pulse:PL12|div_clk'
Slack : 0.452
TNS   : 0.000

Type  : Slow 1200mV 85C Model Hold 'Pulse:PL10|div_clk'
Slack : 0.453
TNS   : 0.000

Type  : Slow 1200mV 85C Model Hold 'Pulse:PL11|div_clk'
Slack : 0.453
TNS   : 0.000

Type  : Slow 1200mV 85C Model Hold 'Pulse:PL13|div_clk'
Slack : 0.453
TNS   : 0.000

Type  : Slow 1200mV 85C Model Hold 'Pulse:PL1|div_clk'
Slack : 0.453
TNS   : 0.000

Type  : Slow 1200mV 85C Model Hold 'Pulse:PL14|div_clk'
Slack : 0.454
TNS   : 0.000

Type  : Slow 1200mV 85C Model Hold 'Pulse:PL15|div_clk'
Slack : 0.454
TNS   : 0.000

Type  : Slow 1200mV 85C Model Hold 'Pulse:PL16|div_clk'
Slack : 0.454
TNS   : 0.000

Type  : Slow 1200mV 85C Model Hold 'clk'
Slack : 0.464
TNS   : 0.000

Type  : Slow 1200mV 85C Model Hold 'Pulse:PL8|div_clk'
Slack : 0.481
TNS   : 0.000

Type  : Slow 1200mV 85C Model Hold 'Delay:DL10|div_clk'
Slack : 0.485
TNS   : 0.000

Type  : Slow 1200mV 85C Model Hold 'Delay:DL11|div_clk'
Slack : 0.485
TNS   : 0.000

Type  : Slow 1200mV 85C Model Hold 'Delay:DL12|div_clk'
Slack : 0.485
TNS   : 0.000

Type  : Slow 1200mV 85C Model Hold 'Delay:DL14|div_clk'
Slack : 0.485
TNS   : 0.000

Type  : Slow 1200mV 85C Model Hold 'Delay:DL15|div_clk'
Slack : 0.485
TNS   : 0.000

Type  : Slow 1200mV 85C Model Hold 'Delay:DL1|div_clk'
Slack : 0.485
TNS   : 0.000

Type  : Slow 1200mV 85C Model Hold 'Delay:DL2|div_clk'
Slack : 0.485
TNS   : 0.000

Type  : Slow 1200mV 85C Model Hold 'Delay:DL3|div_clk'
Slack : 0.485
TNS   : 0.000

Type  : Slow 1200mV 85C Model Hold 'Delay:DL4|div_clk'
Slack : 0.485
TNS   : 0.000

Type  : Slow 1200mV 85C Model Hold 'Delay:DL5|div_clk'
Slack : 0.485
TNS   : 0.000

Type  : Slow 1200mV 85C Model Hold 'Delay:DL6|div_clk'
Slack : 0.485
TNS   : 0.000

Type  : Slow 1200mV 85C Model Hold 'Delay:DL7|div_clk'
Slack : 0.485
TNS   : 0.000

Type  : Slow 1200mV 85C Model Hold 'Delay:DL8|div_clk'
Slack : 0.485
TNS   : 0.000

Type  : Slow 1200mV 85C Model Hold 'Delay:DL9|div_clk'
Slack : 0.485
TNS   : 0.000

Type  : Slow 1200mV 85C Model Hold 'Pulse:PL2|div_clk'
Slack : 0.485
TNS   : 0.000

Type  : Slow 1200mV 85C Model Hold 'Pulse:PL3|div_clk'
Slack : 0.485
TNS   : 0.000

Type  : Slow 1200mV 85C Model Hold 'Pulse:PL4|div_clk'
Slack : 0.485
TNS   : 0.000

Type  : Slow 1200mV 85C Model Hold 'Pulse:PL5|div_clk'
Slack : 0.485
TNS   : 0.000

Type  : Slow 1200mV 85C Model Hold 'Pulse:PL6|div_clk'
Slack : 0.485
TNS   : 0.000

Type  : Slow 1200mV 85C Model Hold 'Pulse:PL7|div_clk'
Slack : 0.485
TNS   : 0.000

Type  : Slow 1200mV 85C Model Hold 'Pulse:PL9|div_clk'
Slack : 0.485
TNS   : 0.000

Type  : Slow 1200mV 85C Model Hold 'UART_Rx:comb_12|UART_clk'
Slack : 0.485
TNS   : 0.000

Type  : Slow 1200mV 85C Model Hold 'Delay:DL16|div_clk'
Slack : 0.551
TNS   : 0.000

Type  : Slow 1200mV 85C Model Minimum Pulse Width 'Pulse:PL10|div_clk'
Slack : -1.487
TNS   : -55.019

Type  : Slow 1200mV 85C Model Minimum Pulse Width 'Pulse:PL11|div_clk'
Slack : -1.487
TNS   : -55.019

Type  : Slow 1200mV 85C Model Minimum Pulse Width 'Pulse:PL12|div_clk'
Slack : -1.487
TNS   : -55.019

Type  : Slow 1200mV 85C Model Minimum Pulse Width 'Pulse:PL13|div_clk'
Slack : -1.487
TNS   : -55.019

Type  : Slow 1200mV 85C Model Minimum Pulse Width 'Pulse:PL14|div_clk'
Slack : -1.487
TNS   : -55.019

Type  : Slow 1200mV 85C Model Minimum Pulse Width 'Pulse:PL15|div_clk'
Slack : -1.487
TNS   : -55.019

Type  : Slow 1200mV 85C Model Minimum Pulse Width 'Pulse:PL16|div_clk'
Slack : -1.487
TNS   : -55.019

Type  : Slow 1200mV 85C Model Minimum Pulse Width 'Pulse:PL1|div_clk'
Slack : -1.487
TNS   : -55.019

Type  : Slow 1200mV 85C Model Minimum Pulse Width 'Pulse:PL2|div_clk'
Slack : -1.487
TNS   : -55.019

Type  : Slow 1200mV 85C Model Minimum Pulse Width 'Pulse:PL3|div_clk'
Slack : -1.487
TNS   : -55.019

Type  : Slow 1200mV 85C Model Minimum Pulse Width 'Pulse:PL4|div_clk'
Slack : -1.487
TNS   : -55.019

Type  : Slow 1200mV 85C Model Minimum Pulse Width 'Pulse:PL5|div_clk'
Slack : -1.487
TNS   : -55.019

Type  : Slow 1200mV 85C Model Minimum Pulse Width 'Pulse:PL6|div_clk'
Slack : -1.487
TNS   : -55.019

Type  : Slow 1200mV 85C Model Minimum Pulse Width 'Pulse:PL7|div_clk'
Slack : -1.487
TNS   : -55.019

Type  : Slow 1200mV 85C Model Minimum Pulse Width 'Pulse:PL8|div_clk'
Slack : -1.487
TNS   : -55.019

Type  : Slow 1200mV 85C Model Minimum Pulse Width 'Pulse:PL9|div_clk'
Slack : -1.487
TNS   : -55.019

Type  : Slow 1200mV 85C Model Minimum Pulse Width 'Delay:DL10|div_clk'
Slack : -1.487
TNS   : -53.532

Type  : Slow 1200mV 85C Model Minimum Pulse Width 'Delay:DL11|div_clk'
Slack : -1.487
TNS   : -53.532

Type  : Slow 1200mV 85C Model Minimum Pulse Width 'Delay:DL12|div_clk'
Slack : -1.487
TNS   : -53.532

Type  : Slow 1200mV 85C Model Minimum Pulse Width 'Delay:DL13|div_clk'
Slack : -1.487
TNS   : -53.532

Type  : Slow 1200mV 85C Model Minimum Pulse Width 'Delay:DL14|div_clk'
Slack : -1.487
TNS   : -53.532

Type  : Slow 1200mV 85C Model Minimum Pulse Width 'Delay:DL15|div_clk'
Slack : -1.487
TNS   : -53.532

Type  : Slow 1200mV 85C Model Minimum Pulse Width 'Delay:DL16|div_clk'
Slack : -1.487
TNS   : -53.532

Type  : Slow 1200mV 85C Model Minimum Pulse Width 'Delay:DL1|div_clk'
Slack : -1.487
TNS   : -53.532

Type  : Slow 1200mV 85C Model Minimum Pulse Width 'Delay:DL2|div_clk'
Slack : -1.487
TNS   : -53.532

Type  : Slow 1200mV 85C Model Minimum Pulse Width 'Delay:DL3|div_clk'
Slack : -1.487
TNS   : -53.532

Type  : Slow 1200mV 85C Model Minimum Pulse Width 'Delay:DL4|div_clk'
Slack : -1.487
TNS   : -53.532

Type  : Slow 1200mV 85C Model Minimum Pulse Width 'Delay:DL5|div_clk'
Slack : -1.487
TNS   : -53.532

Type  : Slow 1200mV 85C Model Minimum Pulse Width 'Delay:DL6|div_clk'
Slack : -1.487
TNS   : -53.532

Type  : Slow 1200mV 85C Model Minimum Pulse Width 'Delay:DL7|div_clk'
Slack : -1.487
TNS   : -53.532

Type  : Slow 1200mV 85C Model Minimum Pulse Width 'Delay:DL8|div_clk'
Slack : -1.487
TNS   : -53.532

Type  : Slow 1200mV 85C Model Minimum Pulse Width 'Delay:DL9|div_clk'
Slack : -1.487
TNS   : -53.532

Type  : Slow 1200mV 85C Model Minimum Pulse Width 'UART_Rx:comb_12|UART_clk'
Slack : -1.487
TNS   : -32.714

Type  : Slow 1200mV 85C Model Minimum Pulse Width 'pll_inst|altpll_component|auto_generated|pll1|clk[0]'
Slack : 2.189
TNS   : 0.000

Type  : Slow 1200mV 85C Model Minimum Pulse Width 'clk'
Slack : 4.764
TNS   : 0.000

Type  : Slow 1200mV 0C Model Setup 'Delay:DL10|div_clk'
Slack : -9.120
TNS   : -90.371

Type  : Slow 1200mV 0C Model Setup 'Delay:DL2|div_clk'
Slack : -7.807
TNS   : -77.647

Type  : Slow 1200mV 0C Model Setup 'Delay:DL3|div_clk'
Slack : -7.787
TNS   : -68.463

Type  : Slow 1200mV 0C Model Setup 'Delay:DL9|div_clk'
Slack : -7.433
TNS   : -76.303

Type  : Slow 1200mV 0C Model Setup 'Delay:DL1|div_clk'
Slack : -7.430
TNS   : -116.634

Type  : Slow 1200mV 0C Model Setup 'Delay:DL14|div_clk'
Slack : -7.418
TNS   : -93.050

Type  : Slow 1200mV 0C Model Setup 'Delay:DL15|div_clk'
Slack : -7.399
TNS   : -117.918

Type  : Slow 1200mV 0C Model Setup 'Delay:DL11|div_clk'
Slack : -7.382
TNS   : -105.481

Type  : Slow 1200mV 0C Model Setup 'Delay:DL4|div_clk'
Slack : -7.224
TNS   : -55.657

Type  : Slow 1200mV 0C Model Setup 'Delay:DL6|div_clk'
Slack : -7.116
TNS   : -71.551

Type  : Slow 1200mV 0C Model Setup 'Delay:DL13|div_clk'
Slack : -7.113
TNS   : -78.103

Type  : Slow 1200mV 0C Model Setup 'Delay:DL12|div_clk'
Slack : -7.074
TNS   : -90.591

Type  : Slow 1200mV 0C Model Setup 'Delay:DL5|div_clk'
Slack : -6.970
TNS   : -70.330

Type  : Slow 1200mV 0C Model Setup 'Delay:DL7|div_clk'
Slack : -6.906
TNS   : -61.030

Type  : Slow 1200mV 0C Model Setup 'Delay:DL16|div_clk'
Slack : -6.858
TNS   : -106.778

Type  : Slow 1200mV 0C Model Setup 'Delay:DL8|div_clk'
Slack : -6.772
TNS   : -61.600

Type  : Slow 1200mV 0C Model Setup 'Pulse:PL14|div_clk'
Slack : -6.222
TNS   : -148.701

Type  : Slow 1200mV 0C Model Setup 'Pulse:PL9|div_clk'
Slack : -6.213
TNS   : -157.656

Type  : Slow 1200mV 0C Model Setup 'Pulse:PL15|div_clk'
Slack : -5.908
TNS   : -158.972

Type  : Slow 1200mV 0C Model Setup 'Pulse:PL3|div_clk'
Slack : -5.725
TNS   : -202.367

Type  : Slow 1200mV 0C Model Setup 'Pulse:PL16|div_clk'
Slack : -5.660
TNS   : -168.231

Type  : Slow 1200mV 0C Model Setup 'Pulse:PL11|div_clk'
Slack : -5.646
TNS   : -166.887

Type  : Slow 1200mV 0C Model Setup 'clk'
Slack : -5.641
TNS   : -5217.406

Type  : Slow 1200mV 0C Model Setup 'Pulse:PL13|div_clk'
Slack : -5.625
TNS   : -173.938

Type  : Slow 1200mV 0C Model Setup 'Pulse:PL6|div_clk'
Slack : -5.576
TNS   : -168.381

Type  : Slow 1200mV 0C Model Setup 'Pulse:PL4|div_clk'
Slack : -5.511
TNS   : -163.504

Type  : Slow 1200mV 0C Model Setup 'Pulse:PL5|div_clk'
Slack : -5.493
TNS   : -186.262

Type  : Slow 1200mV 0C Model Setup 'Pulse:PL7|div_clk'
Slack : -5.383
TNS   : -183.525

Type  : Slow 1200mV 0C Model Setup 'Pulse:PL2|div_clk'
Slack : -5.225
TNS   : -168.040

Type  : Slow 1200mV 0C Model Setup 'Pulse:PL8|div_clk'
Slack : -5.170
TNS   : -182.656

Type  : Slow 1200mV 0C Model Setup 'Pulse:PL10|div_clk'
Slack : -5.159
TNS   : -153.819

Type  : Slow 1200mV 0C Model Setup 'Pulse:PL12|div_clk'
Slack : -4.935
TNS   : -139.024

Type  : Slow 1200mV 0C Model Setup 'Pulse:PL1|div_clk'
Slack : -4.651
TNS   : -144.565

Type  : Slow 1200mV 0C Model Setup 'UART_Rx:comb_12|UART_clk'
Slack : -2.797
TNS   : -35.562

Type  : Slow 1200mV 0C Model Setup 'pll_inst|altpll_component|auto_generated|pll1|clk[0]'
Slack : -1.733
TNS   : -240.284

Type  : Slow 1200mV 0C Model Hold 'pll_inst|altpll_component|auto_generated|pll1|clk[0]'
Slack : -0.803
TNS   : -10.942

Type  : Slow 1200mV 0C Model Hold 'Delay:DL13|div_clk'
Slack : 0.329
TNS   : 0.000

Type  : Slow 1200mV 0C Model Hold 'Pulse:PL8|div_clk'
Slack : 0.394
TNS   : 0.000

Type  : Slow 1200mV 0C Model Hold 'Pulse:PL10|div_clk'
Slack : 0.401
TNS   : 0.000

Type  : Slow 1200mV 0C Model Hold 'Pulse:PL11|div_clk'
Slack : 0.401
TNS   : 0.000

Type  : Slow 1200mV 0C Model Hold 'Pulse:PL13|div_clk'
Slack : 0.401
TNS   : 0.000

Type  : Slow 1200mV 0C Model Hold 'Pulse:PL1|div_clk'
Slack : 0.401
TNS   : 0.000

Type  : Slow 1200mV 0C Model Hold 'Pulse:PL12|div_clk'
Slack : 0.402
TNS   : 0.000

Type  : Slow 1200mV 0C Model Hold 'Pulse:PL14|div_clk'
Slack : 0.402
TNS   : 0.000

Type  : Slow 1200mV 0C Model Hold 'Pulse:PL15|div_clk'
Slack : 0.402
TNS   : 0.000

Type  : Slow 1200mV 0C Model Hold 'Pulse:PL16|div_clk'
Slack : 0.402
TNS   : 0.000

Type  : Slow 1200mV 0C Model Hold 'Pulse:PL4|div_clk'
Slack : 0.403
TNS   : 0.000

Type  : Slow 1200mV 0C Model Hold 'clk'
Slack : 0.415
TNS   : 0.000

Type  : Slow 1200mV 0C Model Hold 'Delay:DL10|div_clk'
Slack : 0.430
TNS   : 0.000

Type  : Slow 1200mV 0C Model Hold 'Delay:DL11|div_clk'
Slack : 0.430
TNS   : 0.000

Type  : Slow 1200mV 0C Model Hold 'Delay:DL12|div_clk'
Slack : 0.430
TNS   : 0.000

Type  : Slow 1200mV 0C Model Hold 'Delay:DL14|div_clk'
Slack : 0.430
TNS   : 0.000

Type  : Slow 1200mV 0C Model Hold 'Delay:DL15|div_clk'
Slack : 0.430
TNS   : 0.000

Type  : Slow 1200mV 0C Model Hold 'Delay:DL1|div_clk'
Slack : 0.430
TNS   : 0.000

Type  : Slow 1200mV 0C Model Hold 'Delay:DL2|div_clk'
Slack : 0.430
TNS   : 0.000

Type  : Slow 1200mV 0C Model Hold 'Delay:DL3|div_clk'
Slack : 0.430
TNS   : 0.000

Type  : Slow 1200mV 0C Model Hold 'Delay:DL4|div_clk'
Slack : 0.430
TNS   : 0.000

Type  : Slow 1200mV 0C Model Hold 'Delay:DL5|div_clk'
Slack : 0.430
TNS   : 0.000

Type  : Slow 1200mV 0C Model Hold 'Delay:DL6|div_clk'
Slack : 0.430
TNS   : 0.000

Type  : Slow 1200mV 0C Model Hold 'Delay:DL7|div_clk'
Slack : 0.430
TNS   : 0.000

Type  : Slow 1200mV 0C Model Hold 'Delay:DL8|div_clk'
Slack : 0.430
TNS   : 0.000

Type  : Slow 1200mV 0C Model Hold 'Delay:DL9|div_clk'
Slack : 0.430
TNS   : 0.000

Type  : Slow 1200mV 0C Model Hold 'Pulse:PL2|div_clk'
Slack : 0.430
TNS   : 0.000

Type  : Slow 1200mV 0C Model Hold 'Pulse:PL3|div_clk'
Slack : 0.430
TNS   : 0.000

Type  : Slow 1200mV 0C Model Hold 'Pulse:PL5|div_clk'
Slack : 0.430
TNS   : 0.000

Type  : Slow 1200mV 0C Model Hold 'Pulse:PL6|div_clk'
Slack : 0.430
TNS   : 0.000

Type  : Slow 1200mV 0C Model Hold 'Pulse:PL7|div_clk'
Slack : 0.430
TNS   : 0.000

Type  : Slow 1200mV 0C Model Hold 'Pulse:PL9|div_clk'
Slack : 0.430
TNS   : 0.000

Type  : Slow 1200mV 0C Model Hold 'UART_Rx:comb_12|UART_clk'
Slack : 0.430
TNS   : 0.000

Type  : Slow 1200mV 0C Model Hold 'Delay:DL16|div_clk'
Slack : 0.467
TNS   : 0.000

Type  : Slow 1200mV 0C Model Minimum Pulse Width 'Pulse:PL10|div_clk'
Slack : -1.487
TNS   : -55.019

Type  : Slow 1200mV 0C Model Minimum Pulse Width 'Pulse:PL11|div_clk'
Slack : -1.487
TNS   : -55.019

Type  : Slow 1200mV 0C Model Minimum Pulse Width 'Pulse:PL12|div_clk'
Slack : -1.487
TNS   : -55.019

Type  : Slow 1200mV 0C Model Minimum Pulse Width 'Pulse:PL13|div_clk'
Slack : -1.487
TNS   : -55.019

Type  : Slow 1200mV 0C Model Minimum Pulse Width 'Pulse:PL14|div_clk'
Slack : -1.487
TNS   : -55.019

Type  : Slow 1200mV 0C Model Minimum Pulse Width 'Pulse:PL15|div_clk'
Slack : -1.487
TNS   : -55.019

Type  : Slow 1200mV 0C Model Minimum Pulse Width 'Pulse:PL16|div_clk'
Slack : -1.487
TNS   : -55.019

Type  : Slow 1200mV 0C Model Minimum Pulse Width 'Pulse:PL1|div_clk'
Slack : -1.487
TNS   : -55.019

Type  : Slow 1200mV 0C Model Minimum Pulse Width 'Pulse:PL2|div_clk'
Slack : -1.487
TNS   : -55.019

Type  : Slow 1200mV 0C Model Minimum Pulse Width 'Pulse:PL3|div_clk'
Slack : -1.487
TNS   : -55.019

Type  : Slow 1200mV 0C Model Minimum Pulse Width 'Pulse:PL4|div_clk'
Slack : -1.487
TNS   : -55.019

Type  : Slow 1200mV 0C Model Minimum Pulse Width 'Pulse:PL5|div_clk'
Slack : -1.487
TNS   : -55.019

Type  : Slow 1200mV 0C Model Minimum Pulse Width 'Pulse:PL6|div_clk'
Slack : -1.487
TNS   : -55.019

Type  : Slow 1200mV 0C Model Minimum Pulse Width 'Pulse:PL7|div_clk'
Slack : -1.487
TNS   : -55.019

Type  : Slow 1200mV 0C Model Minimum Pulse Width 'Pulse:PL8|div_clk'
Slack : -1.487
TNS   : -55.019

Type  : Slow 1200mV 0C Model Minimum Pulse Width 'Pulse:PL9|div_clk'
Slack : -1.487
TNS   : -55.019

Type  : Slow 1200mV 0C Model Minimum Pulse Width 'Delay:DL10|div_clk'
Slack : -1.487
TNS   : -53.532

Type  : Slow 1200mV 0C Model Minimum Pulse Width 'Delay:DL11|div_clk'
Slack : -1.487
TNS   : -53.532

Type  : Slow 1200mV 0C Model Minimum Pulse Width 'Delay:DL12|div_clk'
Slack : -1.487
TNS   : -53.532

Type  : Slow 1200mV 0C Model Minimum Pulse Width 'Delay:DL13|div_clk'
Slack : -1.487
TNS   : -53.532

Type  : Slow 1200mV 0C Model Minimum Pulse Width 'Delay:DL14|div_clk'
Slack : -1.487
TNS   : -53.532

Type  : Slow 1200mV 0C Model Minimum Pulse Width 'Delay:DL15|div_clk'
Slack : -1.487
TNS   : -53.532

Type  : Slow 1200mV 0C Model Minimum Pulse Width 'Delay:DL16|div_clk'
Slack : -1.487
TNS   : -53.532

Type  : Slow 1200mV 0C Model Minimum Pulse Width 'Delay:DL1|div_clk'
Slack : -1.487
TNS   : -53.532

Type  : Slow 1200mV 0C Model Minimum Pulse Width 'Delay:DL2|div_clk'
Slack : -1.487
TNS   : -53.532

Type  : Slow 1200mV 0C Model Minimum Pulse Width 'Delay:DL3|div_clk'
Slack : -1.487
TNS   : -53.532

Type  : Slow 1200mV 0C Model Minimum Pulse Width 'Delay:DL4|div_clk'
Slack : -1.487
TNS   : -53.532

Type  : Slow 1200mV 0C Model Minimum Pulse Width 'Delay:DL5|div_clk'
Slack : -1.487
TNS   : -53.532

Type  : Slow 1200mV 0C Model Minimum Pulse Width 'Delay:DL6|div_clk'
Slack : -1.487
TNS   : -53.532

Type  : Slow 1200mV 0C Model Minimum Pulse Width 'Delay:DL7|div_clk'
Slack : -1.487
TNS   : -53.532

Type  : Slow 1200mV 0C Model Minimum Pulse Width 'Delay:DL8|div_clk'
Slack : -1.487
TNS   : -53.532

Type  : Slow 1200mV 0C Model Minimum Pulse Width 'Delay:DL9|div_clk'
Slack : -1.487
TNS   : -53.532

Type  : Slow 1200mV 0C Model Minimum Pulse Width 'UART_Rx:comb_12|UART_clk'
Slack : -1.487
TNS   : -32.714

Type  : Slow 1200mV 0C Model Minimum Pulse Width 'pll_inst|altpll_component|auto_generated|pll1|clk[0]'
Slack : 2.164
TNS   : 0.000

Type  : Slow 1200mV 0C Model Minimum Pulse Width 'clk'
Slack : 4.723
TNS   : 0.000

Type  : Fast 1200mV 0C Model Setup 'Delay:DL10|div_clk'
Slack : -3.658
TNS   : -27.147

Type  : Fast 1200mV 0C Model Setup 'Delay:DL2|div_clk'
Slack : -3.249
TNS   : -19.173

Type  : Fast 1200mV 0C Model Setup 'Delay:DL3|div_clk'
Slack : -3.116
TNS   : -15.929

Type  : Fast 1200mV 0C Model Setup 'Delay:DL1|div_clk'
Slack : -3.039
TNS   : -38.386

Type  : Fast 1200mV 0C Model Setup 'Delay:DL15|div_clk'
Slack : -2.984
TNS   : -39.773

Type  : Fast 1200mV 0C Model Setup 'Delay:DL14|div_clk'
Slack : -2.916
TNS   : -27.851

Type  : Fast 1200mV 0C Model Setup 'Delay:DL11|div_clk'
Slack : -2.909
TNS   : -32.283

Type  : Fast 1200mV 0C Model Setup 'Delay:DL9|div_clk'
Slack : -2.873
TNS   : -20.719

Type  : Fast 1200mV 0C Model Setup 'Delay:DL13|div_clk'
Slack : -2.827
TNS   : -23.390

Type  : Fast 1200mV 0C Model Setup 'Delay:DL4|div_clk'
Slack : -2.819
TNS   : -10.366

Type  : Fast 1200mV 0C Model Setup 'Delay:DL5|div_clk'
Slack : -2.743
TNS   : -16.998

Type  : Fast 1200mV 0C Model Setup 'Delay:DL12|div_clk'
Slack : -2.728
TNS   : -26.589

Type  : Fast 1200mV 0C Model Setup 'Delay:DL6|div_clk'
Slack : -2.722
TNS   : -16.949

Type  : Fast 1200mV 0C Model Setup 'Delay:DL7|div_clk'
Slack : -2.713
TNS   : -13.009

Type  : Fast 1200mV 0C Model Setup 'Delay:DL8|div_clk'
Slack : -2.673
TNS   : -13.909

Type  : Fast 1200mV 0C Model Setup 'Delay:DL16|div_clk'
Slack : -2.628
TNS   : -33.105

Type  : Fast 1200mV 0C Model Setup 'Pulse:PL9|div_clk'
Slack : -2.569
TNS   : -55.459

Type  : Fast 1200mV 0C Model Setup 'Pulse:PL14|div_clk'
Slack : -2.523
TNS   : -51.012

Type  : Fast 1200mV 0C Model Setup 'Pulse:PL15|div_clk'
Slack : -2.300
TNS   : -55.202

Type  : Fast 1200mV 0C Model Setup 'Pulse:PL11|div_clk'
Slack : -2.237
TNS   : -59.596

Type  : Fast 1200mV 0C Model Setup 'Pulse:PL16|div_clk'
Slack : -2.236
TNS   : -60.004

Type  : Fast 1200mV 0C Model Setup 'Pulse:PL4|div_clk'
Slack : -2.236
TNS   : -57.023

Type  : Fast 1200mV 0C Model Setup 'Pulse:PL13|div_clk'
Slack : -2.233
TNS   : -64.548

Type  : Fast 1200mV 0C Model Setup 'Pulse:PL5|div_clk'
Slack : -2.186
TNS   : -68.735

Type  : Fast 1200mV 0C Model Setup 'Pulse:PL3|div_clk'
Slack : -2.176
TNS   : -76.126

Type  : Fast 1200mV 0C Model Setup 'Pulse:PL6|div_clk'
Slack : -2.158
TNS   : -60.012

Type  : Fast 1200mV 0C Model Setup 'clk'
Slack : -2.102
TNS   : -1572.884

Type  : Fast 1200mV 0C Model Setup 'Pulse:PL7|div_clk'
Slack : -2.096
TNS   : -67.817

Type  : Fast 1200mV 0C Model Setup 'Pulse:PL2|div_clk'
Slack : -2.075
TNS   : -61.331

Type  : Fast 1200mV 0C Model Setup 'Pulse:PL10|div_clk'
Slack : -1.993
TNS   : -49.920

Type  : Fast 1200mV 0C Model Setup 'Pulse:PL8|div_clk'
Slack : -1.903
TNS   : -66.515

Type  : Fast 1200mV 0C Model Setup 'Pulse:PL12|div_clk'
Slack : -1.834
TNS   : -42.608

Type  : Fast 1200mV 0C Model Setup 'Pulse:PL1|div_clk'
Slack : -1.708
TNS   : -45.661

Type  : Fast 1200mV 0C Model Setup 'UART_Rx:comb_12|UART_clk'
Slack : -0.761
TNS   : -6.270

Type  : Fast 1200mV 0C Model Setup 'pll_inst|altpll_component|auto_generated|pll1|clk[0]'
Slack : -0.476
TNS   : -0.476

Type  : Fast 1200mV 0C Model Hold 'pll_inst|altpll_component|auto_generated|pll1|clk[0]'
Slack : -0.258
TNS   : -1.654

Type  : Fast 1200mV 0C Model Hold 'Delay:DL13|div_clk'
Slack : 0.186
TNS   : 0.000

Type  : Fast 1200mV 0C Model Hold 'Pulse:PL11|div_clk'
Slack : 0.186
TNS   : 0.000

Type  : Fast 1200mV 0C Model Hold 'Pulse:PL1|div_clk'
Slack : 0.186
TNS   : 0.000

Type  : Fast 1200mV 0C Model Hold 'Pulse:PL10|div_clk'
Slack : 0.187
TNS   : 0.000

Type  : Fast 1200mV 0C Model Hold 'Pulse:PL12|div_clk'
Slack : 0.187
TNS   : 0.000

Type  : Fast 1200mV 0C Model Hold 'Pulse:PL13|div_clk'
Slack : 0.187
TNS   : 0.000

Type  : Fast 1200mV 0C Model Hold 'Pulse:PL14|div_clk'
Slack : 0.187
TNS   : 0.000

Type  : Fast 1200mV 0C Model Hold 'Pulse:PL15|div_clk'
Slack : 0.187
TNS   : 0.000

Type  : Fast 1200mV 0C Model Hold 'Pulse:PL16|div_clk'
Slack : 0.187
TNS   : 0.000

Type  : Fast 1200mV 0C Model Hold 'clk'
Slack : 0.193
TNS   : 0.000

Type  : Fast 1200mV 0C Model Hold 'Delay:DL10|div_clk'
Slack : 0.201
TNS   : 0.000

Type  : Fast 1200mV 0C Model Hold 'Delay:DL11|div_clk'
Slack : 0.201
TNS   : 0.000

Type  : Fast 1200mV 0C Model Hold 'Delay:DL12|div_clk'
Slack : 0.201
TNS   : 0.000

Type  : Fast 1200mV 0C Model Hold 'Delay:DL14|div_clk'
Slack : 0.201
TNS   : 0.000

Type  : Fast 1200mV 0C Model Hold 'Delay:DL15|div_clk'
Slack : 0.201
TNS   : 0.000

Type  : Fast 1200mV 0C Model Hold 'Delay:DL1|div_clk'
Slack : 0.201
TNS   : 0.000

Type  : Fast 1200mV 0C Model Hold 'Delay:DL2|div_clk'
Slack : 0.201
TNS   : 0.000

Type  : Fast 1200mV 0C Model Hold 'Delay:DL3|div_clk'
Slack : 0.201
TNS   : 0.000

Type  : Fast 1200mV 0C Model Hold 'Delay:DL4|div_clk'
Slack : 0.201
TNS   : 0.000

Type  : Fast 1200mV 0C Model Hold 'Delay:DL5|div_clk'
Slack : 0.201
TNS   : 0.000

Type  : Fast 1200mV 0C Model Hold 'Delay:DL6|div_clk'
Slack : 0.201
TNS   : 0.000

Type  : Fast 1200mV 0C Model Hold 'Delay:DL7|div_clk'
Slack : 0.201
TNS   : 0.000

Type  : Fast 1200mV 0C Model Hold 'Delay:DL8|div_clk'
Slack : 0.201
TNS   : 0.000

Type  : Fast 1200mV 0C Model Hold 'Delay:DL9|div_clk'
Slack : 0.201
TNS   : 0.000

Type  : Fast 1200mV 0C Model Hold 'Pulse:PL2|div_clk'
Slack : 0.201
TNS   : 0.000

Type  : Fast 1200mV 0C Model Hold 'Pulse:PL3|div_clk'
Slack : 0.201
TNS   : 0.000

Type  : Fast 1200mV 0C Model Hold 'Pulse:PL4|div_clk'
Slack : 0.201
TNS   : 0.000

Type  : Fast 1200mV 0C Model Hold 'Pulse:PL5|div_clk'
Slack : 0.201
TNS   : 0.000

Type  : Fast 1200mV 0C Model Hold 'Pulse:PL6|div_clk'
Slack : 0.201
TNS   : 0.000

Type  : Fast 1200mV 0C Model Hold 'Pulse:PL7|div_clk'
Slack : 0.201
TNS   : 0.000

Type  : Fast 1200mV 0C Model Hold 'Pulse:PL8|div_clk'
Slack : 0.201
TNS   : 0.000

Type  : Fast 1200mV 0C Model Hold 'Pulse:PL9|div_clk'
Slack : 0.201
TNS   : 0.000

Type  : Fast 1200mV 0C Model Hold 'UART_Rx:comb_12|UART_clk'
Slack : 0.201
TNS   : 0.000

Type  : Fast 1200mV 0C Model Hold 'Delay:DL16|div_clk'
Slack : 0.246
TNS   : 0.000

Type  : Fast 1200mV 0C Model Minimum Pulse Width 'Pulse:PL10|div_clk'
Slack : -1.000
TNS   : -37.000

Type  : Fast 1200mV 0C Model Minimum Pulse Width 'Pulse:PL11|div_clk'
Slack : -1.000
TNS   : -37.000

Type  : Fast 1200mV 0C Model Minimum Pulse Width 'Pulse:PL12|div_clk'
Slack : -1.000
TNS   : -37.000

Type  : Fast 1200mV 0C Model Minimum Pulse Width 'Pulse:PL13|div_clk'
Slack : -1.000
TNS   : -37.000

Type  : Fast 1200mV 0C Model Minimum Pulse Width 'Pulse:PL14|div_clk'
Slack : -1.000
TNS   : -37.000

Type  : Fast 1200mV 0C Model Minimum Pulse Width 'Pulse:PL15|div_clk'
Slack : -1.000
TNS   : -37.000

Type  : Fast 1200mV 0C Model Minimum Pulse Width 'Pulse:PL16|div_clk'
Slack : -1.000
TNS   : -37.000

Type  : Fast 1200mV 0C Model Minimum Pulse Width 'Pulse:PL1|div_clk'
Slack : -1.000
TNS   : -37.000

Type  : Fast 1200mV 0C Model Minimum Pulse Width 'Pulse:PL2|div_clk'
Slack : -1.000
TNS   : -37.000

Type  : Fast 1200mV 0C Model Minimum Pulse Width 'Pulse:PL3|div_clk'
Slack : -1.000
TNS   : -37.000

Type  : Fast 1200mV 0C Model Minimum Pulse Width 'Pulse:PL4|div_clk'
Slack : -1.000
TNS   : -37.000

Type  : Fast 1200mV 0C Model Minimum Pulse Width 'Pulse:PL5|div_clk'
Slack : -1.000
TNS   : -37.000

Type  : Fast 1200mV 0C Model Minimum Pulse Width 'Pulse:PL6|div_clk'
Slack : -1.000
TNS   : -37.000

Type  : Fast 1200mV 0C Model Minimum Pulse Width 'Pulse:PL7|div_clk'
Slack : -1.000
TNS   : -37.000

Type  : Fast 1200mV 0C Model Minimum Pulse Width 'Pulse:PL8|div_clk'
Slack : -1.000
TNS   : -37.000

Type  : Fast 1200mV 0C Model Minimum Pulse Width 'Pulse:PL9|div_clk'
Slack : -1.000
TNS   : -37.000

Type  : Fast 1200mV 0C Model Minimum Pulse Width 'Delay:DL10|div_clk'
Slack : -1.000
TNS   : -36.000

Type  : Fast 1200mV 0C Model Minimum Pulse Width 'Delay:DL11|div_clk'
Slack : -1.000
TNS   : -36.000

Type  : Fast 1200mV 0C Model Minimum Pulse Width 'Delay:DL12|div_clk'
Slack : -1.000
TNS   : -36.000

Type  : Fast 1200mV 0C Model Minimum Pulse Width 'Delay:DL13|div_clk'
Slack : -1.000
TNS   : -36.000

Type  : Fast 1200mV 0C Model Minimum Pulse Width 'Delay:DL14|div_clk'
Slack : -1.000
TNS   : -36.000

Type  : Fast 1200mV 0C Model Minimum Pulse Width 'Delay:DL15|div_clk'
Slack : -1.000
TNS   : -36.000

Type  : Fast 1200mV 0C Model Minimum Pulse Width 'Delay:DL16|div_clk'
Slack : -1.000
TNS   : -36.000

Type  : Fast 1200mV 0C Model Minimum Pulse Width 'Delay:DL1|div_clk'
Slack : -1.000
TNS   : -36.000

Type  : Fast 1200mV 0C Model Minimum Pulse Width 'Delay:DL2|div_clk'
Slack : -1.000
TNS   : -36.000

Type  : Fast 1200mV 0C Model Minimum Pulse Width 'Delay:DL3|div_clk'
Slack : -1.000
TNS   : -36.000

Type  : Fast 1200mV 0C Model Minimum Pulse Width 'Delay:DL4|div_clk'
Slack : -1.000
TNS   : -36.000

Type  : Fast 1200mV 0C Model Minimum Pulse Width 'Delay:DL5|div_clk'
Slack : -1.000
TNS   : -36.000

Type  : Fast 1200mV 0C Model Minimum Pulse Width 'Delay:DL6|div_clk'
Slack : -1.000
TNS   : -36.000

Type  : Fast 1200mV 0C Model Minimum Pulse Width 'Delay:DL7|div_clk'
Slack : -1.000
TNS   : -36.000

Type  : Fast 1200mV 0C Model Minimum Pulse Width 'Delay:DL8|div_clk'
Slack : -1.000
TNS   : -36.000

Type  : Fast 1200mV 0C Model Minimum Pulse Width 'Delay:DL9|div_clk'
Slack : -1.000
TNS   : -36.000

Type  : Fast 1200mV 0C Model Minimum Pulse Width 'UART_Rx:comb_12|UART_clk'
Slack : -1.000
TNS   : -22.000

Type  : Fast 1200mV 0C Model Minimum Pulse Width 'pll_inst|altpll_component|auto_generated|pll1|clk[0]'
Slack : 2.267
TNS   : 0.000

Type  : Fast 1200mV 0C Model Minimum Pulse Width 'clk'
Slack : 4.407
TNS   : 0.000

------------------------------------------------------------
