------------------------------------------------------------
Timing Analyzer Summary
------------------------------------------------------------

Type  : Slow 1200mV 85C Model Setup 'clk'
Slack : -11.438
TNS   : -23291.759

Type  : Slow 1200mV 85C Model Setup 'UART_Rx:comb_12|UART_clk'
Slack : -4.257
TNS   : -54.777

Type  : Slow 1200mV 85C Model Hold 'clk'
Slack : 0.431
TNS   : 0.000

Type  : Slow 1200mV 85C Model Hold 'UART_Rx:comb_12|UART_clk'
Slack : 0.452
TNS   : 0.000

Type  : Slow 1200mV 85C Model Minimum Pulse Width 'clk'
Slack : -3.000
TNS   : -5073.670

Type  : Slow 1200mV 85C Model Minimum Pulse Width 'UART_Rx:comb_12|UART_clk'
Slack : -1.487
TNS   : -32.714

Type  : Slow 1200mV 0C Model Setup 'clk'
Slack : -10.723
TNS   : -21688.790

Type  : Slow 1200mV 0C Model Setup 'UART_Rx:comb_12|UART_clk'
Slack : -3.986
TNS   : -50.023

Type  : Slow 1200mV 0C Model Hold 'clk'
Slack : 0.381
TNS   : 0.000

Type  : Slow 1200mV 0C Model Hold 'UART_Rx:comb_12|UART_clk'
Slack : 0.401
TNS   : 0.000

Type  : Slow 1200mV 0C Model Minimum Pulse Width 'clk'
Slack : -3.000
TNS   : -5073.670

Type  : Slow 1200mV 0C Model Minimum Pulse Width 'UART_Rx:comb_12|UART_clk'
Slack : -1.487
TNS   : -32.714

Type  : Fast 1200mV 0C Model Setup 'clk'
Slack : -4.225
TNS   : -8040.453

Type  : Fast 1200mV 0C Model Setup 'UART_Rx:comb_12|UART_clk'
Slack : -1.379
TNS   : -14.518

Type  : Fast 1200mV 0C Model Hold 'clk'
Slack : 0.177
TNS   : 0.000

Type  : Fast 1200mV 0C Model Hold 'UART_Rx:comb_12|UART_clk'
Slack : 0.186
TNS   : 0.000

Type  : Fast 1200mV 0C Model Minimum Pulse Width 'clk'
Slack : -3.000
TNS   : -3654.035

Type  : Fast 1200mV 0C Model Minimum Pulse Width 'UART_Rx:comb_12|UART_clk'
Slack : -1.000
TNS   : -22.000

------------------------------------------------------------
